// Jest Snapshot v1, https://goo.gl/fbAQLP

exports[`TodoList tests should be able to render 1`] = `
<div>
  <h2>
    Todo list
  </h2>
  <ul
    class="sc-bdnxRM gsvXWL todo-list"
    data-testid="todo-list"
  >
    <li
      class="sc-dlnjwi dlNrSI todo-item"
      data-testid="todo-item"
    >
      <input
        class="sc-hKFxyN cXOlCo"
        data-testid="todo-item-checkbox"
        tabindex="0"
        title="Mark todo as completed"
        type="checkbox"
      />
      <span
        class="sc-gtsrHT cxLfMu"
        data-testid="todo-item-text"
        tabindex="0"
      >
        Todo 1
      </span>
      <button
        data-testid="delete-todo-button"
        title="Delete todo"
      >
        Delete
      </button>
    </li>
    <li
      class="sc-dlnjwi dlNrSI todo-item"
      data-testid="todo-item"
    >
      <input
        class="sc-hKFxyN cXOlCo"
        data-testid="todo-item-checkbox"
        tabindex="0"
        title="Mark todo as completed"
        type="checkbox"
      />
      <span
        class="sc-gtsrHT cxLfMu"
        data-testid="todo-item-text"
        tabindex="0"
      >
        Todo 2
      </span>
      <button
        data-testid="delete-todo-button"
        title="Delete todo"
      >
        Delete
      </button>
    </li>
    <li
      class="sc-dlnjwi dlNrSI todo-item"
      data-testid="todo-item"
    >
      <input
        class="sc-hKFxyN cXOlCo"
        data-testid="todo-item-checkbox"
        tabindex="0"
        title="Mark todo as completed"
        type="checkbox"
      />
      <span
        class="sc-gtsrHT cxLfMu"
        data-testid="todo-item-text"
        tabindex="0"
      >
        Todo 3
      </span>
      <button
        data-testid="delete-todo-button"
        title="Delete todo"
      >
        Delete
      </button>
    </li>
    <li
      class="sc-dlnjwi dfuIeq todo-item"
      data-testid="todo-item"
    >
      <span>
        +
      </span>
      <span
        class="sc-gtsrHT cxLfMu"
        data-testid="todo-item-text"
        tabindex="0"
      >
        Add a todo
      </span>
    </li>
  </ul>
</div>
`;
