// Jest Snapshot v1, https://goo.gl/fbAQLP

exports[`TodoItem tests should be able to render 1`] = `
<div>
  <li
    class="todo-item"
    data-testid="todo-item"
  >
    <input
      data-testid="todo-item-checkbox"
      tabindex="0"
      title="Complete"
      type="checkbox"
    />
    <span
      class="todo-item__text "
      data-testid="todo-item-text"
      tabindex="0"
    >
      Need to write some tests
    </span>
    <button
      data-testid="delete-todo-button"
      title="Delete todo"
    >
      Delete
    </button>
  </li>
</div>
`;
